2024-09-22 21:25:55,777 [INFO] Initializing SubstrateAPI
2024-09-22 21:25:55,783 [INFO] Initializing SubstrateAPI
2024-09-22 21:25:55,791 [INFO] ../data/archived_votes.json missing... creating file
2024-09-22 21:25:55,792 [INFO] ../data/governance.cache missing... creating file
2024-09-22 21:25:55,792 [INFO] ../data/onchain-votes.json missing... creating file
2024-09-22 21:25:55,792 [INFO] ../data/vote_counts.json missing... creating file
2024-09-22 21:25:55,792 [INFO] logging in using static token
2024-09-22 21:25:56,777 [INFO] Shard ID None has connected to Gateway (Session ID: 40d8c6822746bfbd8403fe3b479d9f68).
2024-09-22 21:25:58,820 [INFO] Starting stopped tasks
2024-09-22 21:25:58,820 [INFO] Task successfully started
2024-09-22 21:25:58,821 [INFO] Checking for new proposals
2024-09-22 21:25:58,821 [INFO] Initializing SubstrateAPI
2024-09-22 21:26:05,549 [INFO] Checking active proposals from kusama against vote_counts.json to archive threads where the proposal is no longer active
2024-09-22 21:26:10,436 [INFO] No threads to lock
2024-09-22 21:26:10,436 [INFO] 4 new proposal(s) found
2024-09-22 21:26:18,027 [INFO] Getting on-chain data from: https://api.polkassembly.io/api/v1/posts/on-chain-post?postId=448&proposalType=referendums_v2
2024-09-22 21:26:18,027 [INFO] Creating thread on Discord: #448 Decrease the amount of reserved KSM when register thread id with code/genesis. Warning to all K
2024-09-22 21:26:18,287 [INFO] Thread created: 1287525407318609980
2024-09-22 21:26:22,049 [INFO] Vote results message added instruction message added for 448
2024-09-22 21:27:01,413 [INFO] Initializing SubstrateAPI
2024-09-22 21:27:07,610 [INFO] Getting on-chain data from: https://api.polkassembly.io/api/v1/posts/on-chain-post?postId=454&proposalType=referendums_v2
2024-09-22 21:27:07,610 [INFO] Creating thread on Discord: #454 [Small Spender] Reimburse accounts affected by an XCM bug
2024-09-22 21:27:07,876 [INFO] Thread created: 1287525615267872938
2024-09-22 21:27:11,885 [INFO] Vote results message added instruction message added for 454
2024-09-22 21:27:31,896 [INFO] Initializing SubstrateAPI
2024-09-22 21:27:41,536 [INFO] Getting on-chain data from: https://api.polkassembly.io/api/v1/posts/on-chain-post?postId=455&proposalType=referendums_v2
2024-09-22 21:27:41,536 [INFO] Creating thread on Discord: #455 [Whitelisted Caller] Set AsyncBackingParams.max_candidate_depth to 6
2024-09-22 21:27:41,867 [INFO] Thread created: 1287525757018439725
2024-09-22 21:27:45,501 [INFO] Vote results message added instruction message added for 455
2024-09-22 21:28:07,815 [INFO] Initializing SubstrateAPI
2024-09-22 21:28:20,120 [INFO] Getting on-chain data from: https://api.polkassembly.io/api/v1/posts/on-chain-post?postId=456&proposalType=referendums_v2
2024-09-22 21:28:20,120 [INFO] Creating thread on Discord: #456 Showcasing Polkadot’s Capabilities: The Spammening Test Run
2024-09-22 21:28:20,375 [INFO] Thread created: 1287525919220568085
2024-09-22 21:28:24,430 [INFO] Vote results message added instruction message added for 456
2024-09-22 21:28:57,266 [INFO] Initializing SubstrateAPI
2024-09-22 21:29:04,832 [INFO] Starting stopped tasks
2024-09-22 21:29:04,832 [INFO] Task successfully started
2024-09-22 21:29:04,832 [INFO] Starting stopped tasks
2024-09-22 21:29:04,832 [INFO] Task successfully started
2024-09-22 21:29:04,833 [INFO] Starting stopped tasks
2024-09-22 21:29:04,833 [INFO] Task successfully started
2024-09-22 21:29:04,833 [INFO] Stopping tasks
2024-09-22 21:29:04,834 [INFO] recheck_proposals task is running
2024-09-22 21:29:04,834 [INFO] Task successfully stopped
2024-09-22 21:29:04,834 [INFO] Stopping tasks
2024-09-22 21:29:04,835 [INFO] Task successfully stopped
2024-09-22 21:29:04,838 [INFO] autonomous_voting task is running
2024-09-22 21:29:13,658 [INFO] Checking Discord vote results for: 448
2024-09-22 21:29:13,659 [INFO] Result: Vote period has ended.
2024-09-22 21:29:24,043 [INFO] Checking Discord vote results for: 454
2024-09-22 21:29:24,043 [INFO] Result: Waiting for 1st vote conditions to be met. is 378797 > 432000?
2024-09-22 21:29:36,979 [INFO] Checking Discord vote results for: 455
2024-09-22 21:29:36,979 [WARNING] Participation too low, defaulting to Abstain
2024-09-22 21:29:36,979 [INFO] Result: abstain
2024-09-22 21:29:47,791 [INFO] Checking Discord vote results for: 456
2024-09-22 21:29:47,791 [INFO] Result: Waiting for 1st vote conditions to be met. is 268463 > 432000?
2024-09-22 21:29:50,295 [INFO] Starting stopped tasks
2024-09-22 21:29:50,295 [INFO] Task successfully started
2024-09-22 21:29:50,295 [INFO] Starting stopped tasks
2024-09-22 21:29:50,295 [INFO] Task successfully started
2024-09-22 21:29:50,295 [INFO] recheck_proposals task is running
2024-09-22 21:29:50,296 [INFO] Initializing SubstrateAPI
2024-09-22 21:29:56,600 [INFO] Synchronizing embeds
2024-09-22 21:29:56,600 [INFO] 4 threads to synchronize
2024-09-22 21:29:56,600 [INFO] Synchronizing 456: Showcasing Polkadot’s Capabilities: The Spammening Test Run
2024-09-22 21:30:01,643 [INFO] recheck_proposals complete
2024-09-22 21:30:14,190 [INFO] Successfully synchronized 456: Showcasing Polkadot’s Capabilities: The Spammening Test Run
2024-09-22 21:30:16,693 [INFO] Synchronizing 455: [Whitelisted Caller] Set AsyncBackingParams.max_candidate_depth to 6
2024-09-22 21:30:38,379 [INFO] Successfully synchronized 455: [Whitelisted Caller] Set AsyncBackingParams.max_candidate_depth to 6
2024-09-22 21:30:40,882 [INFO] Synchronizing 454: [Small Spender] Reimburse accounts affected by an XCM bug
2024-09-22 21:31:00,383 [INFO] Successfully synchronized 454: [Small Spender] Reimburse accounts affected by an XCM bug
2024-09-22 21:31:02,886 [INFO] Synchronizing 448: Decrease the amount of reserved KSM when register thread id with code/genesis. Warning ...
2024-09-22 21:31:20,724 [INFO] Successfully synchronized 448: Decrease the amount of reserved KSM when register thread id with code/genesis. Warning ...
2024-09-22 21:31:23,226 [INFO] synchronization complete
2024-09-22 21:41:59,086 [INFO] Initializing SubstrateAPI
2024-09-22 21:41:59,092 [INFO] Initializing SubstrateAPI
2024-09-22 21:41:59,101 [INFO] logging in using static token
2024-09-22 21:42:00,058 [INFO] Shard ID None has connected to Gateway (Session ID: fc1e55803c94ec0b07cf36b413709afb).
2024-09-22 21:42:02,079 [INFO] Starting stopped tasks
2024-09-22 21:42:02,079 [INFO] Task successfully started
2024-09-22 21:42:02,079 [INFO] Checking for new proposals
2024-09-22 21:42:02,080 [INFO] Initializing SubstrateAPI
2024-09-22 21:42:06,539 [INFO] Checking active proposals from kusama against vote_counts.json to archive threads where the proposal is no longer active
2024-09-22 21:42:11,398 [INFO] No threads to lock
2024-09-22 21:42:11,398 [INFO] No new proposals have been found since last checking
2024-09-22 21:42:11,399 [INFO] Starting stopped tasks
2024-09-22 21:42:11,399 [INFO] Task successfully started
2024-09-22 21:42:11,399 [INFO] Starting stopped tasks
2024-09-22 21:42:11,399 [INFO] Task successfully started
2024-09-22 21:42:11,399 [INFO] Starting stopped tasks
2024-09-22 21:42:11,399 [INFO] Task successfully started
2024-09-22 21:42:11,400 [INFO] Stopping tasks
2024-09-22 21:42:11,400 [INFO] recheck_proposals task is running
2024-09-22 21:42:11,400 [INFO] Task successfully stopped
2024-09-22 21:42:11,400 [INFO] Stopping tasks
2024-09-22 21:42:11,401 [INFO] Task successfully stopped
2024-09-22 21:42:11,406 [INFO] autonomous_voting task is running
2024-09-22 21:42:17,999 [INFO] Checking Discord vote results for: 448
2024-09-22 21:42:18,000 [INFO] Result: Vote period has ended.
2024-09-22 21:42:27,340 [INFO] Checking Discord vote results for: 454
2024-09-22 21:42:27,341 [INFO] Result: Waiting for 1st vote conditions to be met. is 379580 > 432000?
2024-09-22 21:42:36,791 [INFO] Checking Discord vote results for: 455
2024-09-22 21:42:36,792 [WARNING] Participation too low, defaulting to Abstain
2024-09-22 21:42:36,792 [INFO] Result: abstain
2024-09-22 21:42:36,792 [INFO] Preparing to cast the first vote
2024-09-22 21:42:46,753 [INFO] Checking Discord vote results for: 456
2024-09-22 21:42:46,754 [INFO] Result: Waiting for 1st vote conditions to be met. is 269242 > 432000?
2024-09-22 21:42:53,982 [WARNING] Balance is too low: 0.0
2024-09-22 21:42:54,011 [ERROR] An unexpected error occurred: 'NoneType' object has no attribute 'send'
Traceback (most recent call last):
  File "/app/bot/main.py", line 478, in autonomous_voting
    await alert_channel.send(embed=balance_embed, file=discord.File(proxy_address_qr, "proxy_address_qr.png"))
AttributeError: 'NoneType' object has no attribute 'send'
2024-09-22 21:42:54,012 [INFO] Starting stopped tasks
2024-09-22 21:42:54,013 [INFO] Task successfully started
2024-09-22 21:42:54,013 [INFO] Starting stopped tasks
2024-09-22 21:42:54,013 [INFO] Task successfully started
2024-09-22 21:42:54,013 [ERROR] Unhandled exception in internal background task 'autonomous_voting'.
Traceback (most recent call last):
  File "/usr/local/lib/python3.9/site-packages/discord/ext/tasks/__init__.py", line 239, in _loop
    await self.coro(*args, **kwargs)
  File "/app/bot/main.py", line 575, in autonomous_voting
    raise error
  File "/app/bot/main.py", line 478, in autonomous_voting
    await alert_channel.send(embed=balance_embed, file=discord.File(proxy_address_qr, "proxy_address_qr.png"))
AttributeError: 'NoneType' object has no attribute 'send'
2024-09-22 21:42:54,015 [INFO] recheck_proposals task is running
2024-09-22 21:42:54,016 [INFO] Initializing SubstrateAPI
2024-09-22 21:42:59,624 [INFO] Synchronizing embeds
2024-09-22 21:42:59,624 [INFO] 4 threads to synchronize
2024-09-22 21:42:59,625 [INFO] Synchronizing 456: Showcasing Polkadot’s Capabilities: The Spammening Test Run
2024-09-22 21:43:04,531 [INFO] recheck_proposals complete
2024-09-22 21:43:16,194 [INFO] Successfully synchronized 456: Showcasing Polkadot’s Capabilities: The Spammening Test Run
2024-09-22 21:43:18,696 [INFO] Synchronizing 455: [Whitelisted Caller] Set AsyncBackingParams.max_candidate_depth to 6
2024-09-22 21:43:36,090 [INFO] Successfully synchronized 455: [Whitelisted Caller] Set AsyncBackingParams.max_candidate_depth to 6
2024-09-22 21:43:38,594 [INFO] Synchronizing 454: [Small Spender] Reimburse accounts affected by an XCM bug
2024-09-22 21:43:55,805 [INFO] Successfully synchronized 454: [Small Spender] Reimburse accounts affected by an XCM bug
2024-09-22 21:43:58,308 [INFO] Synchronizing 448: Decrease the amount of reserved KSM when register thread id with code/genesis. Warning ...
2024-09-22 21:44:15,207 [INFO] Successfully synchronized 448: Decrease the amount of reserved KSM when register thread id with code/genesis. Warning ...
2024-09-22 21:44:17,710 [INFO] synchronization complete
2024-09-22 21:44:48,769 [ERROR] An error occurred: (<class 'discord.errors.NotFound'>, NotFound('404 Not Found (error code: 10062): Unknown interaction'), <traceback object at 0x7f2fa0267140>)
Traceback (most recent call last):
  File "/usr/local/lib/python3.9/site-packages/discord/client.py", line 441, in _run_event
    await coro(*args, **kwargs)
  File "/app/bot/governance_monitor.py", line 372, in on_interaction
    await interaction.response.defer()
  File "/usr/local/lib/python3.9/site-packages/discord/interactions.py", line 661, in defer
    await adapter.create_interaction_response(
  File "/usr/local/lib/python3.9/site-packages/discord/webhook/async_.py", line 219, in request
    raise NotFound(response, data)
discord.errors.NotFound: 404 Not Found (error code: 10062): Unknown interaction
2024-09-22 21:45:06,407 [INFO] Initializing SubstrateAPI
2024-09-22 21:45:06,412 [INFO] Initializing SubstrateAPI
2024-09-22 21:45:06,425 [INFO] logging in using static token
2024-09-22 21:45:07,883 [INFO] Shard ID None has connected to Gateway (Session ID: cb960fc3887ba77849dda6ff1d453e9d).
2024-09-22 21:45:09,904 [INFO] Starting stopped tasks
2024-09-22 21:45:09,904 [INFO] Task successfully started
2024-09-22 21:45:09,905 [INFO] Checking for new proposals
2024-09-22 21:45:09,905 [INFO] Initializing SubstrateAPI
2024-09-22 21:45:14,624 [INFO] Checking active proposals from kusama against vote_counts.json to archive threads where the proposal is no longer active
2024-09-22 21:45:19,290 [INFO] No threads to lock
2024-09-22 21:45:19,290 [INFO] No new proposals have been found since last checking
2024-09-22 21:45:19,290 [INFO] Starting stopped tasks
2024-09-22 21:45:19,290 [INFO] Task successfully started
2024-09-22 21:45:19,290 [INFO] Starting stopped tasks
2024-09-22 21:45:19,290 [INFO] Task successfully started
2024-09-22 21:45:19,290 [INFO] Starting stopped tasks
2024-09-22 21:45:19,291 [INFO] Task successfully started
2024-09-22 21:45:19,291 [INFO] Stopping tasks
2024-09-22 21:45:19,291 [INFO] recheck_proposals task is running
2024-09-22 21:45:19,291 [INFO] Task successfully stopped
2024-09-22 21:45:19,292 [INFO] Stopping tasks
2024-09-22 21:45:19,292 [INFO] Task successfully stopped
2024-09-22 21:45:19,295 [INFO] autonomous_voting task is running
2024-09-22 21:45:25,662 [INFO] Checking Discord vote results for: 448
2024-09-22 21:45:25,662 [INFO] Result: Vote period has ended.
2024-09-22 21:45:34,618 [INFO] Checking Discord vote results for: 454
2024-09-22 21:45:34,619 [INFO] Result: Waiting for 1st vote conditions to be met. is 379767 > 432000?
2024-09-22 21:45:44,071 [INFO] Checking Discord vote results for: 455
2024-09-22 21:45:44,071 [WARNING] Participation too low, defaulting to Abstain
2024-09-22 21:45:44,072 [INFO] Result: abstain
2024-09-22 21:45:44,072 [INFO] Preparing to cast the first vote
2024-09-22 21:45:53,121 [INFO] Checking Discord vote results for: 456
2024-09-22 21:45:53,122 [INFO] Result: Waiting for 1st vote conditions to be met. is 269429 > 432000?
2024-09-22 21:46:00,775 [WARNING] Balance is too low: 0.0
2024-09-22 21:46:00,797 [ERROR] An unexpected error occurred: 'NoneType' object has no attribute 'send'
Traceback (most recent call last):
  File "/app/bot/main.py", line 478, in autonomous_voting
    await alert_channel.send(embed=balance_embed, file=discord.File(proxy_address_qr, "proxy_address_qr.png"))
AttributeError: 'NoneType' object has no attribute 'send'
2024-09-22 21:46:00,798 [INFO] Starting stopped tasks
2024-09-22 21:46:00,798 [INFO] Task successfully started
2024-09-22 21:46:00,798 [INFO] Starting stopped tasks
2024-09-22 21:46:00,798 [INFO] Task successfully started
2024-09-22 21:46:00,798 [ERROR] Unhandled exception in internal background task 'autonomous_voting'.
Traceback (most recent call last):
  File "/usr/local/lib/python3.9/site-packages/discord/ext/tasks/__init__.py", line 239, in _loop
    await self.coro(*args, **kwargs)
  File "/app/bot/main.py", line 575, in autonomous_voting
    raise error
  File "/app/bot/main.py", line 478, in autonomous_voting
    await alert_channel.send(embed=balance_embed, file=discord.File(proxy_address_qr, "proxy_address_qr.png"))
AttributeError: 'NoneType' object has no attribute 'send'
2024-09-22 21:46:00,799 [INFO] recheck_proposals task is running
2024-09-22 21:46:00,802 [INFO] Initializing SubstrateAPI
2024-09-22 21:46:07,682 [INFO] Synchronizing embeds
2024-09-22 21:46:07,682 [INFO] 4 threads to synchronize
2024-09-22 21:46:07,682 [INFO] Synchronizing 456: Showcasing Polkadot’s Capabilities: The Spammening Test Run
2024-09-22 21:46:12,648 [INFO] recheck_proposals complete
2024-09-22 21:46:24,233 [INFO] Successfully synchronized 456: Showcasing Polkadot’s Capabilities: The Spammening Test Run
2024-09-22 21:46:26,736 [INFO] Synchronizing 455: [Whitelisted Caller] Set AsyncBackingParams.max_candidate_depth to 6
2024-09-22 21:46:44,877 [INFO] Successfully synchronized 455: [Whitelisted Caller] Set AsyncBackingParams.max_candidate_depth to 6
2024-09-22 21:46:47,380 [INFO] Synchronizing 454: [Small Spender] Reimburse accounts affected by an XCM bug
2024-09-22 21:47:08,737 [INFO] Successfully synchronized 454: [Small Spender] Reimburse accounts affected by an XCM bug
2024-09-22 21:47:11,240 [INFO] Synchronizing 448: Decrease the amount of reserved KSM when register thread id with code/genesis. Warning ...
2024-09-22 21:47:29,520 [INFO] Successfully synchronized 448: Decrease the amount of reserved KSM when register thread id with code/genesis. Warning ...
2024-09-22 21:47:32,024 [INFO] synchronization complete
2024-09-22 21:49:15,844 [ERROR] An error occurred: (<class 'discord.errors.HTTPException'>, HTTPException('400 Bad Request (error code: 40060): Interaction has already been acknowledged.'), <traceback object at 0x7f7e008ab980>)
Traceback (most recent call last):
  File "/usr/local/lib/python3.9/site-packages/discord/client.py", line 441, in _run_event
    await coro(*args, **kwargs)
  File "/app/bot/governance_monitor.py", line 372, in on_interaction
    await interaction.response.defer()
  File "/usr/local/lib/python3.9/site-packages/discord/interactions.py", line 661, in defer
    await adapter.create_interaction_response(
  File "/usr/local/lib/python3.9/site-packages/discord/webhook/async_.py", line 221, in request
    raise HTTPException(response, data)
discord.errors.HTTPException: 400 Bad Request (error code: 40060): Interaction has already been acknowledged.
2024-09-22 21:50:01,143 [INFO] Initializing SubstrateAPI
2024-09-22 21:50:01,148 [INFO] Initializing SubstrateAPI
2024-09-22 21:50:01,157 [INFO] logging in using static token
2024-09-22 21:50:02,181 [INFO] Shard ID None has connected to Gateway (Session ID: b169e93761298e6fcf354c8b40a3896c).
2024-09-22 21:50:04,199 [INFO] Starting stopped tasks
2024-09-22 21:50:04,199 [INFO] Task successfully started
2024-09-22 21:50:04,200 [INFO] Checking for new proposals
2024-09-22 21:50:04,200 [INFO] Initializing SubstrateAPI
2024-09-22 21:50:08,584 [INFO] Checking active proposals from kusama against vote_counts.json to archive threads where the proposal is no longer active
2024-09-22 21:50:13,202 [INFO] No threads to lock
2024-09-22 21:50:13,203 [INFO] No new proposals have been found since last checking
2024-09-22 21:50:13,203 [INFO] Starting stopped tasks
2024-09-22 21:50:13,203 [INFO] Task successfully started
2024-09-22 21:50:13,203 [INFO] Starting stopped tasks
2024-09-22 21:50:13,203 [INFO] Task successfully started
2024-09-22 21:50:13,203 [INFO] Starting stopped tasks
2024-09-22 21:50:13,203 [INFO] Task successfully started
2024-09-22 21:50:13,203 [INFO] Stopping tasks
2024-09-22 21:50:13,204 [INFO] recheck_proposals task is running
2024-09-22 21:50:13,204 [INFO] Task successfully stopped
2024-09-22 21:50:13,204 [INFO] Stopping tasks
2024-09-22 21:50:13,204 [INFO] Task successfully stopped
2024-09-22 21:50:13,207 [INFO] autonomous_voting task is running
2024-09-22 21:50:19,705 [INFO] Checking Discord vote results for: 448
2024-09-22 21:50:19,706 [INFO] Result: Vote period has ended.
2024-09-22 21:50:28,786 [INFO] Checking Discord vote results for: 454
2024-09-22 21:50:28,787 [INFO] Result: Waiting for 1st vote conditions to be met. is 380061 > 432000?
2024-09-22 21:50:38,716 [INFO] Checking Discord vote results for: 455
2024-09-22 21:50:38,717 [WARNING] Participation too low, defaulting to Abstain
2024-09-22 21:50:38,717 [INFO] Result: abstain
2024-09-22 21:50:38,717 [INFO] Preparing to cast the first vote
2024-09-22 21:50:47,741 [INFO] Checking Discord vote results for: 456
2024-09-22 21:50:47,742 [INFO] Result: Waiting for 1st vote conditions to be met. is 269723 > 432000?
2024-09-22 21:50:54,702 [WARNING] Balance is too low: 0.0
2024-09-22 21:50:54,724 [ERROR] An unexpected error occurred: 'NoneType' object has no attribute 'send'
Traceback (most recent call last):
  File "/app/bot/main.py", line 478, in autonomous_voting
    await alert_channel.send(embed=balance_embed, file=discord.File(proxy_address_qr, "proxy_address_qr.png"))
AttributeError: 'NoneType' object has no attribute 'send'
2024-09-22 21:50:54,725 [INFO] Starting stopped tasks
2024-09-22 21:50:54,725 [INFO] Task successfully started
2024-09-22 21:50:54,725 [INFO] Starting stopped tasks
2024-09-22 21:50:54,725 [INFO] Task successfully started
2024-09-22 21:50:54,725 [ERROR] Unhandled exception in internal background task 'autonomous_voting'.
Traceback (most recent call last):
  File "/usr/local/lib/python3.9/site-packages/discord/ext/tasks/__init__.py", line 239, in _loop
    await self.coro(*args, **kwargs)
  File "/app/bot/main.py", line 575, in autonomous_voting
    raise error
  File "/app/bot/main.py", line 478, in autonomous_voting
    await alert_channel.send(embed=balance_embed, file=discord.File(proxy_address_qr, "proxy_address_qr.png"))
AttributeError: 'NoneType' object has no attribute 'send'
2024-09-22 21:50:54,726 [INFO] recheck_proposals task is running
2024-09-22 21:50:54,727 [INFO] Initializing SubstrateAPI
2024-09-22 21:51:00,138 [INFO] Synchronizing embeds
2024-09-22 21:51:00,139 [INFO] 4 threads to synchronize
2024-09-22 21:51:00,139 [INFO] Synchronizing 456: Showcasing Polkadot’s Capabilities: The Spammening Test Run
2024-09-22 21:51:08,562 [INFO] recheck_proposals complete
2024-09-22 21:51:17,566 [INFO] Successfully synchronized 456: Showcasing Polkadot’s Capabilities: The Spammening Test Run
2024-09-22 21:51:20,069 [INFO] Synchronizing 455: [Whitelisted Caller] Set AsyncBackingParams.max_candidate_depth to 6
2024-09-22 21:51:35,585 [INFO] Successfully synchronized 455: [Whitelisted Caller] Set AsyncBackingParams.max_candidate_depth to 6
2024-09-22 21:51:38,089 [INFO] Synchronizing 454: [Small Spender] Reimburse accounts affected by an XCM bug
2024-09-22 21:51:53,854 [INFO] Successfully synchronized 454: [Small Spender] Reimburse accounts affected by an XCM bug
2024-09-22 21:51:56,357 [INFO] Synchronizing 448: Decrease the amount of reserved KSM when register thread id with code/genesis. Warning ...
2024-09-22 21:52:11,749 [INFO] Successfully synchronized 448: Decrease the amount of reserved KSM when register thread id with code/genesis. Warning ...
2024-09-22 21:52:14,251 [INFO] synchronization complete
2024-09-22 21:54:04,340 [ERROR] An error occurred: (<class 'discord.errors.NotFound'>, NotFound('404 Not Found (error code: 10062): Unknown interaction'), <traceback object at 0x7f815fa661c0>)
Traceback (most recent call last):
  File "/usr/local/lib/python3.9/site-packages/discord/client.py", line 441, in _run_event
    await coro(*args, **kwargs)
  File "/app/bot/governance_monitor.py", line 372, in on_interaction
    await interaction.response.defer()
  File "/usr/local/lib/python3.9/site-packages/discord/interactions.py", line 661, in defer
    await adapter.create_interaction_response(
  File "/usr/local/lib/python3.9/site-packages/discord/webhook/async_.py", line 219, in request
    raise NotFound(response, data)
discord.errors.NotFound: 404 Not Found (error code: 10062): Unknown interaction
2024-09-22 21:57:03,667 [INFO] Initializing SubstrateAPI
2024-09-22 21:57:03,674 [INFO] Initializing SubstrateAPI
2024-09-22 21:57:03,690 [INFO] logging in using static token
2024-09-22 21:57:04,616 [INFO] Shard ID None has connected to Gateway (Session ID: feff37ee39c3c88470e5763116460e4b).
2024-09-22 21:57:06,635 [INFO] Starting stopped tasks
2024-09-22 21:57:06,635 [INFO] Task successfully started
2024-09-22 21:57:06,636 [INFO] Checking for new proposals
2024-09-22 21:57:06,636 [INFO] Initializing SubstrateAPI
2024-09-22 21:57:11,191 [INFO] Checking active proposals from kusama against vote_counts.json to archive threads where the proposal is no longer active
2024-09-22 21:57:15,950 [INFO] No threads to lock
2024-09-22 21:57:15,950 [INFO] No new proposals have been found since last checking
2024-09-22 21:57:15,950 [INFO] Starting stopped tasks
2024-09-22 21:57:15,950 [INFO] Task successfully started
2024-09-22 21:57:15,950 [INFO] Starting stopped tasks
2024-09-22 21:57:15,951 [INFO] Task successfully started
2024-09-22 21:57:15,951 [INFO] Starting stopped tasks
2024-09-22 21:57:15,951 [INFO] Task successfully started
2024-09-22 21:57:15,951 [INFO] Stopping tasks
2024-09-22 21:57:15,951 [INFO] recheck_proposals task is running
2024-09-22 21:57:15,952 [INFO] Task successfully stopped
2024-09-22 21:57:15,952 [INFO] Stopping tasks
2024-09-22 21:57:15,953 [INFO] Task successfully stopped
2024-09-22 21:57:15,956 [INFO] autonomous_voting task is running
2024-09-22 21:57:22,189 [INFO] Checking Discord vote results for: 448
2024-09-22 21:57:22,190 [INFO] Result: Vote period has ended.
2024-09-22 21:57:31,175 [INFO] Checking Discord vote results for: 454
2024-09-22 21:57:31,176 [INFO] Result: Waiting for 1st vote conditions to be met. is 380484 > 432000?
2024-09-22 21:57:41,601 [INFO] Checking Discord vote results for: 455
2024-09-22 21:57:41,601 [WARNING] Participation too low, defaulting to Abstain
2024-09-22 21:57:41,602 [INFO] Result: abstain
2024-09-22 21:57:41,602 [INFO] Preparing to cast the first vote
2024-09-22 21:57:51,289 [INFO] Checking Discord vote results for: 456
2024-09-22 21:57:51,290 [INFO] Result: Waiting for 1st vote conditions to be met. is 270147 > 432000?
2024-09-22 21:57:57,874 [WARNING] Balance is too low: 0.0
2024-09-22 21:57:57,896 [ERROR] An unexpected error occurred: 'NoneType' object has no attribute 'send'
Traceback (most recent call last):
  File "/app/bot/main.py", line 478, in autonomous_voting
    await alert_channel.send(embed=balance_embed, file=discord.File(proxy_address_qr, "proxy_address_qr.png"))
AttributeError: 'NoneType' object has no attribute 'send'
2024-09-22 21:57:57,896 [INFO] Starting stopped tasks
2024-09-22 21:57:57,896 [INFO] Task successfully started
2024-09-22 21:57:57,896 [INFO] Starting stopped tasks
2024-09-22 21:57:57,897 [INFO] Task successfully started
2024-09-22 21:57:57,897 [ERROR] Unhandled exception in internal background task 'autonomous_voting'.
Traceback (most recent call last):
  File "/usr/local/lib/python3.9/site-packages/discord/ext/tasks/__init__.py", line 239, in _loop
    await self.coro(*args, **kwargs)
  File "/app/bot/main.py", line 575, in autonomous_voting
    raise error
  File "/app/bot/main.py", line 478, in autonomous_voting
    await alert_channel.send(embed=balance_embed, file=discord.File(proxy_address_qr, "proxy_address_qr.png"))
AttributeError: 'NoneType' object has no attribute 'send'
2024-09-22 21:57:57,898 [INFO] recheck_proposals task is running
2024-09-22 21:57:57,899 [INFO] Initializing SubstrateAPI
2024-09-22 21:58:04,095 [INFO] Synchronizing embeds
2024-09-22 21:58:04,095 [INFO] 4 threads to synchronize
2024-09-22 21:58:04,095 [INFO] Synchronizing 456: Showcasing Polkadot’s Capabilities: The Spammening Test Run
2024-09-22 21:58:08,871 [INFO] recheck_proposals complete
2024-09-22 21:58:19,403 [INFO] Successfully synchronized 456: Showcasing Polkadot’s Capabilities: The Spammening Test Run
2024-09-22 21:58:21,907 [INFO] Synchronizing 455: [Whitelisted Caller] Set AsyncBackingParams.max_candidate_depth to 6
2024-09-22 21:58:37,262 [INFO] Successfully synchronized 455: [Whitelisted Caller] Set AsyncBackingParams.max_candidate_depth to 6
2024-09-22 21:58:39,765 [INFO] Synchronizing 454: [Small Spender] Reimburse accounts affected by an XCM bug
2024-09-22 21:58:55,742 [INFO] Successfully synchronized 454: [Small Spender] Reimburse accounts affected by an XCM bug
2024-09-22 21:58:58,245 [INFO] Synchronizing 448: Decrease the amount of reserved KSM when register thread id with code/genesis. Warning ...
2024-09-22 21:59:13,773 [INFO] Successfully synchronized 448: Decrease the amount of reserved KSM when register thread id with code/genesis. Warning ...
2024-09-22 21:59:16,276 [INFO] synchronization complete
2024-09-22 21:59:37,686 [INFO] User interaction from tioneb#0
2024-09-22 22:00:07,219 [INFO] User interaction from rom1.dot#0
2024-09-22 22:13:13,944 [INFO] Checking rom1.dot has the appropriate permissions
2024-09-22 22:13:13,944 [INFO] TRUE
2024-09-22 22:13:13,944 [INFO] Checking wallet balance of HYmYudY1cxN6XyY98dd82TckYF2YiPFc6sXmHqMoKifGAje
2024-09-22 22:13:19,033 [WARNING] Wallet balance is too low: 0.0
2024-09-22 22:13:19,050 [ERROR] An error occurred: (<class 'discord.errors.NotFound'>, NotFound('404 Not Found (error code: 10062): Unknown interaction'), <traceback object at 0x7f721109f1c0>)
Traceback (most recent call last):
  File "/usr/local/lib/python3.9/site-packages/discord/client.py", line 441, in _run_event
    await coro(*args, **kwargs)
  File "/app/bot/governance_monitor.py", line 372, in on_interaction
    await interaction.response.defer()
  File "/usr/local/lib/python3.9/site-packages/discord/interactions.py", line 661, in defer
    await adapter.create_interaction_response(
  File "/usr/local/lib/python3.9/site-packages/discord/webhook/async_.py", line 219, in request
    raise NotFound(response, data)
discord.errors.NotFound: 404 Not Found (error code: 10062): Unknown interaction
2024-09-22 22:16:55,085 [INFO] Initializing SubstrateAPI
2024-09-22 22:16:55,089 [INFO] Initializing SubstrateAPI
2024-09-22 22:16:55,098 [INFO] logging in using static token
2024-09-22 22:16:56,263 [INFO] Shard ID None has connected to Gateway (Session ID: 67bf7ef5c2213c471509eebe663cf2b8).
2024-09-22 22:16:58,282 [INFO] Starting stopped tasks
2024-09-22 22:16:58,282 [INFO] Task successfully started
2024-09-22 22:16:58,284 [INFO] Checking for new proposals
2024-09-22 22:16:58,284 [INFO] Initializing SubstrateAPI
2024-09-22 22:17:02,783 [INFO] Checking active proposals from kusama against vote_counts.json to archive threads where the proposal is no longer active
2024-09-22 22:17:07,482 [INFO] No threads to lock
2024-09-22 22:17:07,482 [INFO] No new proposals have been found since last checking
2024-09-22 22:17:07,482 [INFO] Starting stopped tasks
2024-09-22 22:17:07,482 [INFO] Task successfully started
2024-09-22 22:17:07,482 [INFO] Starting stopped tasks
2024-09-22 22:17:07,482 [INFO] Task successfully started
2024-09-22 22:17:07,482 [INFO] Starting stopped tasks
2024-09-22 22:17:07,482 [INFO] Task successfully started
2024-09-22 22:17:07,483 [INFO] Stopping tasks
2024-09-22 22:17:07,483 [INFO] recheck_proposals task is running
2024-09-22 22:17:07,483 [INFO] Task successfully stopped
2024-09-22 22:17:07,483 [INFO] Stopping tasks
2024-09-22 22:17:07,484 [INFO] Task successfully stopped
2024-09-22 22:17:07,487 [INFO] autonomous_voting task is running
2024-09-22 22:17:13,696 [INFO] Checking Discord vote results for: 448
2024-09-22 22:17:13,697 [INFO] Result: Vote period has ended.
2024-09-22 22:17:22,275 [INFO] Checking Discord vote results for: 454
2024-09-22 22:17:22,276 [INFO] Result: Waiting for 1st vote conditions to be met. is 381675 > 432000?
2024-09-22 22:17:31,253 [INFO] Checking Discord vote results for: 455
2024-09-22 22:17:31,254 [WARNING] Participation too low, defaulting to Abstain
2024-09-22 22:17:31,254 [INFO] Result: abstain
2024-09-22 22:17:31,254 [INFO] Preparing to cast the first vote
2024-09-22 22:17:40,934 [INFO] Checking Discord vote results for: 456
2024-09-22 22:17:40,934 [INFO] Result: Waiting for 1st vote conditions to be met. is 271336 > 432000?
2024-09-22 22:17:47,531 [WARNING] Balance is too low: 0.0
2024-09-22 22:17:47,551 [ERROR] An unexpected error occurred: 'NoneType' object has no attribute 'send'
Traceback (most recent call last):
  File "/app/bot/main.py", line 478, in autonomous_voting
    await alert_channel.send(embed=balance_embed, file=discord.File(proxy_address_qr, "proxy_address_qr.png"))
AttributeError: 'NoneType' object has no attribute 'send'
2024-09-22 22:17:47,552 [INFO] Starting stopped tasks
2024-09-22 22:17:47,552 [INFO] Task successfully started
2024-09-22 22:17:47,552 [INFO] Starting stopped tasks
2024-09-22 22:17:47,552 [INFO] Task successfully started
2024-09-22 22:17:47,552 [ERROR] Unhandled exception in internal background task 'autonomous_voting'.
Traceback (most recent call last):
  File "/usr/local/lib/python3.9/site-packages/discord/ext/tasks/__init__.py", line 239, in _loop
    await self.coro(*args, **kwargs)
  File "/app/bot/main.py", line 575, in autonomous_voting
    raise error
  File "/app/bot/main.py", line 478, in autonomous_voting
    await alert_channel.send(embed=balance_embed, file=discord.File(proxy_address_qr, "proxy_address_qr.png"))
AttributeError: 'NoneType' object has no attribute 'send'
2024-09-22 22:17:47,553 [INFO] recheck_proposals task is running
2024-09-22 22:17:47,554 [INFO] Initializing SubstrateAPI
2024-09-22 22:17:54,901 [INFO] Synchronizing embeds
2024-09-22 22:17:54,902 [INFO] 4 threads to synchronize
2024-09-22 22:17:54,902 [INFO] Synchronizing 456: Showcasing Polkadot’s Capabilities: The Spammening Test Run
2024-09-22 22:18:03,525 [INFO] recheck_proposals complete
2024-09-22 22:18:14,367 [INFO] Successfully synchronized 456: Showcasing Polkadot’s Capabilities: The Spammening Test Run
2024-09-22 22:18:16,869 [INFO] Synchronizing 455: [Whitelisted Caller] Set AsyncBackingParams.max_candidate_depth to 6
2024-09-22 22:18:32,664 [INFO] Successfully synchronized 455: [Whitelisted Caller] Set AsyncBackingParams.max_candidate_depth to 6
2024-09-22 22:18:35,166 [INFO] Synchronizing 454: [Small Spender] Reimburse accounts affected by an XCM bug
2024-09-22 22:18:50,930 [INFO] Successfully synchronized 454: [Small Spender] Reimburse accounts affected by an XCM bug
2024-09-22 22:18:53,433 [INFO] Synchronizing 448: Decrease the amount of reserved KSM when register thread id with code/genesis. Warning ...
2024-09-22 22:19:10,366 [INFO] Successfully synchronized 448: Decrease the amount of reserved KSM when register thread id with code/genesis. Warning ...
2024-09-22 22:19:12,869 [INFO] synchronization complete
2024-09-22 22:19:46,700 [ERROR] An error occurred: (<class 'discord.errors.NotFound'>, NotFound('404 Not Found (error code: 10062): Unknown interaction'), <traceback object at 0x7fcf609a5300>)
Traceback (most recent call last):
  File "/usr/local/lib/python3.9/site-packages/discord/client.py", line 441, in _run_event
    await coro(*args, **kwargs)
  File "/app/bot/governance_monitor.py", line 372, in on_interaction
    await interaction.response.defer()
  File "/usr/local/lib/python3.9/site-packages/discord/interactions.py", line 661, in defer
    await adapter.create_interaction_response(
  File "/usr/local/lib/python3.9/site-packages/discord/webhook/async_.py", line 219, in request
    raise NotFound(response, data)
discord.errors.NotFound: 404 Not Found (error code: 10062): Unknown interaction
2024-09-22 22:23:42,517 [INFO] User interaction from rom1.dot#0
2024-09-22 22:23:53,122 [INFO] User interaction from rom1.dot#0
2024-09-22 22:24:05,100 [ERROR] An error occurred: (<class 'discord.errors.HTTPException'>, HTTPException('400 Bad Request (error code: 40060): Interaction has already been acknowledged.'), <traceback object at 0x7fcf4428fd00>)
Traceback (most recent call last):
  File "/usr/local/lib/python3.9/site-packages/discord/client.py", line 441, in _run_event
    await coro(*args, **kwargs)
  File "/app/bot/governance_monitor.py", line 372, in on_interaction
    await interaction.response.defer()
  File "/usr/local/lib/python3.9/site-packages/discord/interactions.py", line 661, in defer
    await adapter.create_interaction_response(
  File "/usr/local/lib/python3.9/site-packages/discord/webhook/async_.py", line 221, in request
    raise HTTPException(response, data)
discord.errors.HTTPException: 400 Bad Request (error code: 40060): Interaction has already been acknowledged.
2024-09-22 22:24:15,215 [ERROR] An error occurred: (<class 'discord.errors.NotFound'>, NotFound('404 Not Found (error code: 10062): Unknown interaction'), <traceback object at 0x7fcf44d11440>)
Traceback (most recent call last):
  File "/usr/local/lib/python3.9/site-packages/discord/client.py", line 441, in _run_event
    await coro(*args, **kwargs)
  File "/app/bot/governance_monitor.py", line 372, in on_interaction
    await interaction.response.defer()
  File "/usr/local/lib/python3.9/site-packages/discord/interactions.py", line 661, in defer
    await adapter.create_interaction_response(
  File "/usr/local/lib/python3.9/site-packages/discord/webhook/async_.py", line 219, in request
    raise NotFound(response, data)
discord.errors.NotFound: 404 Not Found (error code: 10062): Unknown interaction
2024-09-22 22:25:02,479 [ERROR] An error occurred: (<class 'discord.errors.NotFound'>, NotFound('404 Not Found (error code: 10062): Unknown interaction'), <traceback object at 0x7fcf442928c0>)
Traceback (most recent call last):
  File "/usr/local/lib/python3.9/site-packages/discord/client.py", line 441, in _run_event
    await coro(*args, **kwargs)
  File "/app/bot/governance_monitor.py", line 372, in on_interaction
    await interaction.response.defer()
  File "/usr/local/lib/python3.9/site-packages/discord/interactions.py", line 661, in defer
    await adapter.create_interaction_response(
  File "/usr/local/lib/python3.9/site-packages/discord/webhook/async_.py", line 219, in request
    raise NotFound(response, data)
discord.errors.NotFound: 404 Not Found (error code: 10062): Unknown interaction
2024-09-22 22:25:33,207 [ERROR] An error occurred: (<class 'discord.errors.NotFound'>, NotFound('404 Not Found (error code: 10062): Unknown interaction'), <traceback object at 0x7fcf443aac00>)
Traceback (most recent call last):
  File "/usr/local/lib/python3.9/site-packages/discord/client.py", line 441, in _run_event
    await coro(*args, **kwargs)
  File "/app/bot/governance_monitor.py", line 372, in on_interaction
    await interaction.response.defer()
  File "/usr/local/lib/python3.9/site-packages/discord/interactions.py", line 661, in defer
    await adapter.create_interaction_response(
  File "/usr/local/lib/python3.9/site-packages/discord/webhook/async_.py", line 219, in request
    raise NotFound(response, data)
discord.errors.NotFound: 404 Not Found (error code: 10062): Unknown interaction
2024-09-22 22:26:09,683 [INFO] User interaction from tioneb#0
2024-09-22 22:26:43,890 [INFO] User interaction from tioneb#0
2024-09-22 22:26:51,946 [INFO] User interaction from tioneb#0
2024-09-22 22:27:00,506 [ERROR] An error occurred: (<class 'discord.errors.NotFound'>, NotFound('404 Not Found (error code: 10062): Unknown interaction'), <traceback object at 0x7fcf442ac980>)
Traceback (most recent call last):
  File "/usr/local/lib/python3.9/site-packages/discord/client.py", line 441, in _run_event
    await coro(*args, **kwargs)
  File "/app/bot/governance_monitor.py", line 372, in on_interaction
    await interaction.response.defer()
  File "/usr/local/lib/python3.9/site-packages/discord/interactions.py", line 661, in defer
    await adapter.create_interaction_response(
  File "/usr/local/lib/python3.9/site-packages/discord/webhook/async_.py", line 219, in request
    raise NotFound(response, data)
discord.errors.NotFound: 404 Not Found (error code: 10062): Unknown interaction
2024-09-22 22:29:13,581 [ERROR] An error occurred: (<class 'discord.errors.NotFound'>, NotFound('404 Not Found (error code: 10062): Unknown interaction'), <traceback object at 0x7fcf44296440>)
Traceback (most recent call last):
  File "/usr/local/lib/python3.9/site-packages/discord/client.py", line 441, in _run_event
    await coro(*args, **kwargs)
  File "/app/bot/governance_monitor.py", line 372, in on_interaction
    await interaction.response.defer()
  File "/usr/local/lib/python3.9/site-packages/discord/interactions.py", line 661, in defer
    await adapter.create_interaction_response(
  File "/usr/local/lib/python3.9/site-packages/discord/webhook/async_.py", line 219, in request
    raise NotFound(response, data)
discord.errors.NotFound: 404 Not Found (error code: 10062): Unknown interaction
2024-09-22 22:29:24,072 [INFO] User interaction from tioneb#0
2024-09-22 22:29:30,320 [INFO] User interaction from tioneb#0
2024-09-22 22:29:33,922 [INFO] User interaction from tioneb#0
2024-09-22 22:29:36,874 [ERROR] An error occurred: (<class 'discord.errors.HTTPException'>, HTTPException('400 Bad Request (error code: 40060): Interaction has already been acknowledged.'), <traceback object at 0x7fcf44d11840>)
Traceback (most recent call last):
  File "/usr/local/lib/python3.9/site-packages/discord/client.py", line 441, in _run_event
    await coro(*args, **kwargs)
  File "/app/bot/governance_monitor.py", line 372, in on_interaction
    await interaction.response.defer()
  File "/usr/local/lib/python3.9/site-packages/discord/interactions.py", line 661, in defer
    await adapter.create_interaction_response(
  File "/usr/local/lib/python3.9/site-packages/discord/webhook/async_.py", line 221, in request
    raise HTTPException(response, data)
discord.errors.HTTPException: 400 Bad Request (error code: 40060): Interaction has already been acknowledged.
2024-09-22 22:29:40,777 [ERROR] An error occurred: (<class 'discord.errors.NotFound'>, NotFound('404 Not Found (error code: 10062): Unknown interaction'), <traceback object at 0x7fcf442b66c0>)
Traceback (most recent call last):
  File "/usr/local/lib/python3.9/site-packages/discord/client.py", line 441, in _run_event
    await coro(*args, **kwargs)
  File "/app/bot/governance_monitor.py", line 372, in on_interaction
    await interaction.response.defer()
  File "/usr/local/lib/python3.9/site-packages/discord/interactions.py", line 661, in defer
    await adapter.create_interaction_response(
  File "/usr/local/lib/python3.9/site-packages/discord/webhook/async_.py", line 219, in request
    raise NotFound(response, data)
discord.errors.NotFound: 404 Not Found (error code: 10062): Unknown interaction
2024-09-22 22:29:45,241 [INFO] User interaction from tioneb#0
2024-09-22 22:29:52,895 [INFO] User interaction from tioneb#0
2024-09-22 22:30:05,194 [ERROR] An error occurred: (<class 'discord.errors.HTTPException'>, HTTPException('400 Bad Request (error code: 40060): Interaction has already been acknowledged.'), <traceback object at 0x7fcf44242700>)
Traceback (most recent call last):
  File "/usr/local/lib/python3.9/site-packages/discord/client.py", line 441, in _run_event
    await coro(*args, **kwargs)
  File "/app/bot/governance_monitor.py", line 372, in on_interaction
    await interaction.response.defer()
  File "/usr/local/lib/python3.9/site-packages/discord/interactions.py", line 661, in defer
    await adapter.create_interaction_response(
  File "/usr/local/lib/python3.9/site-packages/discord/webhook/async_.py", line 221, in request
    raise HTTPException(response, data)
discord.errors.HTTPException: 400 Bad Request (error code: 40060): Interaction has already been acknowledged.
2024-09-22 22:30:09,377 [INFO] User interaction from tioneb#0
2024-09-22 22:30:33,950 [ERROR] An error occurred: (<class 'discord.errors.NotFound'>, NotFound('404 Not Found (error code: 10062): Unknown interaction'), <traceback object at 0x7fcf44244e40>)
Traceback (most recent call last):
  File "/usr/local/lib/python3.9/site-packages/discord/client.py", line 441, in _run_event
    await coro(*args, **kwargs)
  File "/app/bot/governance_monitor.py", line 372, in on_interaction
    await interaction.response.defer()
  File "/usr/local/lib/python3.9/site-packages/discord/interactions.py", line 661, in defer
    await adapter.create_interaction_response(
  File "/usr/local/lib/python3.9/site-packages/discord/webhook/async_.py", line 219, in request
    raise NotFound(response, data)
discord.errors.NotFound: 404 Not Found (error code: 10062): Unknown interaction
2024-09-22 22:30:40,668 [ERROR] An error occurred: (<class 'discord.errors.NotFound'>, NotFound('404 Not Found (error code: 10062): Unknown interaction'), <traceback object at 0x7fcf609af380>)
Traceback (most recent call last):
  File "/usr/local/lib/python3.9/site-packages/discord/client.py", line 441, in _run_event
    await coro(*args, **kwargs)
  File "/app/bot/governance_monitor.py", line 372, in on_interaction
    await interaction.response.defer()
  File "/usr/local/lib/python3.9/site-packages/discord/interactions.py", line 661, in defer
    await adapter.create_interaction_response(
  File "/usr/local/lib/python3.9/site-packages/discord/webhook/async_.py", line 219, in request
    raise NotFound(response, data)
discord.errors.NotFound: 404 Not Found (error code: 10062): Unknown interaction
2024-09-22 22:30:46,188 [INFO] User interaction from tioneb#0
2024-09-22 22:30:54,848 [ERROR] An error occurred: (<class 'discord.errors.NotFound'>, NotFound('404 Not Found (error code: 10062): Unknown interaction'), <traceback object at 0x7fcf4428fa00>)
Traceback (most recent call last):
  File "/usr/local/lib/python3.9/site-packages/discord/client.py", line 441, in _run_event
    await coro(*args, **kwargs)
  File "/app/bot/governance_monitor.py", line 372, in on_interaction
    await interaction.response.defer()
  File "/usr/local/lib/python3.9/site-packages/discord/interactions.py", line 661, in defer
    await adapter.create_interaction_response(
  File "/usr/local/lib/python3.9/site-packages/discord/webhook/async_.py", line 219, in request
    raise NotFound(response, data)
discord.errors.NotFound: 404 Not Found (error code: 10062): Unknown interaction
2024-09-22 22:31:09,887 [INFO] Checking rom1.dot has the appropriate permissions
2024-09-22 22:31:09,887 [INFO] TRUE
2024-09-22 22:31:09,887 [INFO] Checking wallet balance of HYmYudY1cxN6XyY98dd82TckYF2YiPFc6sXmHqMoKifGAje
2024-09-22 22:31:14,142 [WARNING] Wallet balance is too low: 0.0
2024-09-22 22:36:20,732 [INFO] Initializing SubstrateAPI
2024-09-22 22:36:20,737 [INFO] Initializing SubstrateAPI
2024-09-22 22:36:20,746 [INFO] logging in using static token
2024-09-22 22:36:21,648 [INFO] Shard ID None has connected to Gateway (Session ID: 9c20a83230c205f57ac1f391eb22ac40).
2024-09-22 22:36:23,683 [INFO] Starting stopped tasks
2024-09-22 22:36:23,683 [INFO] Task successfully started
2024-09-22 22:36:23,684 [INFO] Checking for new proposals
2024-09-22 22:36:23,684 [INFO] Initializing SubstrateAPI
2024-09-22 22:36:28,309 [INFO] Checking active proposals from kusama against vote_counts.json to archive threads where the proposal is no longer active
2024-09-22 22:36:32,504 [INFO] No threads to lock
2024-09-22 22:36:32,504 [INFO] No new proposals have been found since last checking
2024-09-22 22:36:32,504 [INFO] Starting stopped tasks
2024-09-22 22:36:32,504 [INFO] Task successfully started
2024-09-22 22:36:32,504 [INFO] Starting stopped tasks
2024-09-22 22:36:32,505 [INFO] Task successfully started
2024-09-22 22:36:32,505 [INFO] Starting stopped tasks
2024-09-22 22:36:32,505 [INFO] Task successfully started
2024-09-22 22:36:32,506 [INFO] Stopping tasks
2024-09-22 22:36:32,506 [INFO] recheck_proposals task is running
2024-09-22 22:36:32,506 [INFO] Task successfully stopped
2024-09-22 22:36:32,506 [INFO] Stopping tasks
2024-09-22 22:36:32,507 [INFO] Task successfully stopped
2024-09-22 22:36:32,509 [INFO] autonomous_voting task is running
2024-09-22 22:36:38,563 [INFO] Checking Discord vote results for: 448
2024-09-22 22:36:38,564 [INFO] Result: Vote period has ended.
2024-09-22 22:36:47,412 [INFO] Checking Discord vote results for: 454
2024-09-22 22:36:47,412 [INFO] Result: Waiting for 1st vote conditions to be met. is 382840 > 432000?
2024-09-22 22:36:56,731 [INFO] Checking Discord vote results for: 455
2024-09-22 22:36:56,732 [INFO] Result: aye
2024-09-22 22:36:56,732 [INFO] Preparing to cast the first vote
2024-09-22 22:37:05,877 [INFO] Checking Discord vote results for: 456
2024-09-22 22:37:05,877 [INFO] Result: Waiting for 1st vote conditions to be met. is 272501 > 432000?
2024-09-22 22:37:12,542 [INFO] Casting on-chain votes
2024-09-22 22:37:18,721 [INFO] An on-chain vote has been cast: 0x4618bcb80d9905418df7b99e27b2ceeb4097dba1876c2ac14063af43395ea4e6
2024-09-22 22:37:18,741 [INFO] saving extrinsic hash in onchain-votes.json for 455
2024-09-22 22:37:19,243 [INFO] Posting extrinsic URL on discord as a Proof-of-Vote on 455
2024-09-22 22:37:20,142 [INFO] Creating thread for summarizing vote on 455
2024-09-22 22:37:21,122 [INFO] Starting stopped tasks
2024-09-22 22:37:21,122 [INFO] Task successfully started
2024-09-22 22:37:21,122 [INFO] Starting stopped tasks
2024-09-22 22:37:21,123 [INFO] Task successfully started
2024-09-22 22:37:21,123 [INFO] recheck_proposals task is running
2024-09-22 22:37:21,124 [INFO] Initializing SubstrateAPI
2024-09-22 22:37:27,782 [INFO] Synchronizing embeds
2024-09-22 22:37:27,783 [INFO] 4 threads to synchronize
2024-09-22 22:37:27,783 [INFO] Synchronizing 456: Showcasing Polkadot’s Capabilities: The Spammening Test Run
2024-09-22 22:37:32,140 [INFO] recheck_proposals complete
2024-09-22 22:37:41,969 [INFO] Successfully synchronized 456: Showcasing Polkadot’s Capabilities: The Spammening Test Run
2024-09-22 22:37:44,472 [INFO] Synchronizing 455: [Whitelisted Caller] Set AsyncBackingParams.max_candidate_depth to 6
2024-09-22 22:37:58,837 [INFO] Successfully synchronized 455: [Whitelisted Caller] Set AsyncBackingParams.max_candidate_depth to 6
2024-09-22 22:38:01,340 [INFO] Synchronizing 454: [Small Spender] Reimburse accounts affected by an XCM bug
2024-09-22 22:38:16,047 [INFO] Successfully synchronized 454: [Small Spender] Reimburse accounts affected by an XCM bug
2024-09-22 22:38:18,550 [INFO] Synchronizing 448: Decrease the amount of reserved KSM when register thread id with code/genesis. Warning ...
2024-09-22 22:38:33,406 [INFO] Successfully synchronized 448: Decrease the amount of reserved KSM when register thread id with code/genesis. Warning ...
2024-09-22 22:38:35,909 [INFO] synchronization complete
2024-09-22 22:39:05,858 [INFO] User interaction from tioneb#0
2024-09-22 22:39:18,645 [ERROR] An error occurred: (<class 'discord.errors.NotFound'>, NotFound('404 Not Found (error code: 10062): Unknown interaction'), <traceback object at 0x7f7f858257c0>)
Traceback (most recent call last):
  File "/usr/local/lib/python3.9/site-packages/discord/client.py", line 441, in _run_event
    await coro(*args, **kwargs)
  File "/app/bot/governance_monitor.py", line 372, in on_interaction
    await interaction.response.defer()
  File "/usr/local/lib/python3.9/site-packages/discord/interactions.py", line 661, in defer
    await adapter.create_interaction_response(
  File "/usr/local/lib/python3.9/site-packages/discord/webhook/async_.py", line 219, in request
    raise NotFound(response, data)
discord.errors.NotFound: 404 Not Found (error code: 10062): Unknown interaction
2024-09-22 22:40:00,552 [INFO] Checking rom1.dot has the appropriate permissions
2024-09-22 22:40:00,552 [INFO] TRUE
2024-09-22 22:40:00,552 [INFO] Checking wallet balance of HYmYudY1cxN6XyY98dd82TckYF2YiPFc6sXmHqMoKifGAje
2024-09-22 22:40:12,774 [INFO] An on-chain vote has been cast: 0x3791282325094e96881252ec951ff2eca67ad61f61b90f21f94575b8db3b5cf9
2024-09-22 22:40:20,934 [ERROR] An error occurred: (<class 'discord.errors.NotFound'>, NotFound('404 Not Found (error code: 10062): Unknown interaction'), <traceback object at 0x7f7f877e8700>)
Traceback (most recent call last):
  File "/usr/local/lib/python3.9/site-packages/discord/client.py", line 441, in _run_event
    await coro(*args, **kwargs)
  File "/app/bot/governance_monitor.py", line 372, in on_interaction
    await interaction.response.defer()
  File "/usr/local/lib/python3.9/site-packages/discord/interactions.py", line 661, in defer
    await adapter.create_interaction_response(
  File "/usr/local/lib/python3.9/site-packages/discord/webhook/async_.py", line 219, in request
    raise NotFound(response, data)
discord.errors.NotFound: 404 Not Found (error code: 10062): Unknown interaction
2024-09-22 22:41:01,355 [ERROR] An error occurred: (<class 'discord.errors.HTTPException'>, HTTPException('400 Bad Request (error code: 40060): Interaction has already been acknowledged.'), <traceback object at 0x7f7f9981ef80>)
Traceback (most recent call last):
  File "/usr/local/lib/python3.9/site-packages/discord/client.py", line 441, in _run_event
    await coro(*args, **kwargs)
  File "/app/bot/governance_monitor.py", line 372, in on_interaction
    await interaction.response.defer()
  File "/usr/local/lib/python3.9/site-packages/discord/interactions.py", line 661, in defer
    await adapter.create_interaction_response(
  File "/usr/local/lib/python3.9/site-packages/discord/webhook/async_.py", line 221, in request
    raise HTTPException(response, data)
discord.errors.HTTPException: 400 Bad Request (error code: 40060): Interaction has already been acknowledged.
2024-09-22 22:41:04,776 [ERROR] An error occurred: (<class 'discord.errors.NotFound'>, NotFound('404 Not Found (error code: 10062): Unknown interaction'), <traceback object at 0x7f7f7a6f5cc0>)
Traceback (most recent call last):
  File "/usr/local/lib/python3.9/site-packages/discord/client.py", line 441, in _run_event
    await coro(*args, **kwargs)
  File "/app/bot/governance_monitor.py", line 372, in on_interaction
    await interaction.response.defer()
  File "/usr/local/lib/python3.9/site-packages/discord/interactions.py", line 661, in defer
    await adapter.create_interaction_response(
  File "/usr/local/lib/python3.9/site-packages/discord/webhook/async_.py", line 219, in request
    raise NotFound(response, data)
discord.errors.NotFound: 404 Not Found (error code: 10062): Unknown interaction
2024-09-22 22:41:08,327 [INFO] User interaction from tioneb#0
2024-09-22 22:41:29,243 [ERROR] An error occurred: (<class 'discord.errors.NotFound'>, NotFound('404 Not Found (error code: 10062): Unknown interaction'), <traceback object at 0x7f7f85825640>)
Traceback (most recent call last):
  File "/usr/local/lib/python3.9/site-packages/discord/client.py", line 441, in _run_event
    await coro(*args, **kwargs)
  File "/app/bot/governance_monitor.py", line 372, in on_interaction
    await interaction.response.defer()
  File "/usr/local/lib/python3.9/site-packages/discord/interactions.py", line 661, in defer
    await adapter.create_interaction_response(
  File "/usr/local/lib/python3.9/site-packages/discord/webhook/async_.py", line 219, in request
    raise NotFound(response, data)
discord.errors.NotFound: 404 Not Found (error code: 10062): Unknown interaction
2024-09-22 22:41:36,876 [ERROR] An error occurred: (<class 'discord.errors.HTTPException'>, HTTPException('400 Bad Request (error code: 40060): Interaction has already been acknowledged.'), <traceback object at 0x7f7f7a7135c0>)
Traceback (most recent call last):
  File "/usr/local/lib/python3.9/site-packages/discord/client.py", line 441, in _run_event
    await coro(*args, **kwargs)
  File "/app/bot/governance_monitor.py", line 372, in on_interaction
    await interaction.response.defer()
  File "/usr/local/lib/python3.9/site-packages/discord/interactions.py", line 661, in defer
    await adapter.create_interaction_response(
  File "/usr/local/lib/python3.9/site-packages/discord/webhook/async_.py", line 221, in request
    raise HTTPException(response, data)
discord.errors.HTTPException: 400 Bad Request (error code: 40060): Interaction has already been acknowledged.
2024-09-22 22:41:53,035 [ERROR] An error occurred: (<class 'discord.errors.NotFound'>, NotFound('404 Not Found (error code: 10062): Unknown interaction'), <traceback object at 0x7f7f87b72180>)
Traceback (most recent call last):
  File "/usr/local/lib/python3.9/site-packages/discord/client.py", line 441, in _run_event
    await coro(*args, **kwargs)
  File "/app/bot/governance_monitor.py", line 372, in on_interaction
    await interaction.response.defer()
  File "/usr/local/lib/python3.9/site-packages/discord/interactions.py", line 661, in defer
    await adapter.create_interaction_response(
  File "/usr/local/lib/python3.9/site-packages/discord/webhook/async_.py", line 219, in request
    raise NotFound(response, data)
discord.errors.NotFound: 404 Not Found (error code: 10062): Unknown interaction
2024-09-22 22:41:59,525 [ERROR] An error occurred: (<class 'discord.errors.NotFound'>, NotFound('404 Not Found (error code: 10062): Unknown interaction'), <traceback object at 0x7f7f7a7249c0>)
Traceback (most recent call last):
  File "/usr/local/lib/python3.9/site-packages/discord/client.py", line 441, in _run_event
    await coro(*args, **kwargs)
  File "/app/bot/governance_monitor.py", line 372, in on_interaction
    await interaction.response.defer()
  File "/usr/local/lib/python3.9/site-packages/discord/interactions.py", line 661, in defer
    await adapter.create_interaction_response(
  File "/usr/local/lib/python3.9/site-packages/discord/webhook/async_.py", line 219, in request
    raise NotFound(response, data)
discord.errors.NotFound: 404 Not Found (error code: 10062): Unknown interaction
2024-09-22 22:42:04,208 [ERROR] An error occurred: (<class 'discord.errors.NotFound'>, NotFound('404 Not Found (error code: 10062): Unknown interaction'), <traceback object at 0x7f7f7a72b7c0>)
Traceback (most recent call last):
  File "/usr/local/lib/python3.9/site-packages/discord/client.py", line 441, in _run_event
    await coro(*args, **kwargs)
  File "/app/bot/governance_monitor.py", line 372, in on_interaction
    await interaction.response.defer()
  File "/usr/local/lib/python3.9/site-packages/discord/interactions.py", line 661, in defer
    await adapter.create_interaction_response(
  File "/usr/local/lib/python3.9/site-packages/discord/webhook/async_.py", line 219, in request
    raise NotFound(response, data)
discord.errors.NotFound: 404 Not Found (error code: 10062): Unknown interaction
2024-09-22 22:42:08,799 [ERROR] An error occurred: (<class 'discord.errors.HTTPException'>, HTTPException('400 Bad Request (error code: 40060): Interaction has already been acknowledged.'), <traceback object at 0x7f7f7a711980>)
Traceback (most recent call last):
  File "/usr/local/lib/python3.9/site-packages/discord/client.py", line 441, in _run_event
    await coro(*args, **kwargs)
  File "/app/bot/governance_monitor.py", line 372, in on_interaction
    await interaction.response.defer()
  File "/usr/local/lib/python3.9/site-packages/discord/interactions.py", line 661, in defer
    await adapter.create_interaction_response(
  File "/usr/local/lib/python3.9/site-packages/discord/webhook/async_.py", line 221, in request
    raise HTTPException(response, data)
discord.errors.HTTPException: 400 Bad Request (error code: 40060): Interaction has already been acknowledged.
2024-09-22 22:42:13,766 [ERROR] An error occurred: (<class 'discord.errors.NotFound'>, NotFound('404 Not Found (error code: 10062): Unknown interaction'), <traceback object at 0x7f7f804bb340>)
Traceback (most recent call last):
  File "/usr/local/lib/python3.9/site-packages/discord/client.py", line 441, in _run_event
    await coro(*args, **kwargs)
  File "/app/bot/governance_monitor.py", line 372, in on_interaction
    await interaction.response.defer()
  File "/usr/local/lib/python3.9/site-packages/discord/interactions.py", line 661, in defer
    await adapter.create_interaction_response(
  File "/usr/local/lib/python3.9/site-packages/discord/webhook/async_.py", line 219, in request
    raise NotFound(response, data)
discord.errors.NotFound: 404 Not Found (error code: 10062): Unknown interaction
2024-09-22 22:48:47,739 [INFO] User interaction from tioneb#0
2024-09-22 22:48:51,954 [ERROR] An error occurred: (<class 'discord.errors.NotFound'>, NotFound('404 Not Found (error code: 10062): Unknown interaction'), <traceback object at 0x7f7f804bbc00>)
Traceback (most recent call last):
  File "/usr/local/lib/python3.9/site-packages/discord/client.py", line 441, in _run_event
    await coro(*args, **kwargs)
  File "/app/bot/governance_monitor.py", line 372, in on_interaction
    await interaction.response.defer()
  File "/usr/local/lib/python3.9/site-packages/discord/interactions.py", line 661, in defer
    await adapter.create_interaction_response(
  File "/usr/local/lib/python3.9/site-packages/discord/webhook/async_.py", line 219, in request
    raise NotFound(response, data)
discord.errors.NotFound: 404 Not Found (error code: 10062): Unknown interaction
2024-09-22 22:49:10,190 [ERROR] An error occurred: (<class 'discord.errors.NotFound'>, NotFound('404 Not Found (error code: 10062): Unknown interaction'), <traceback object at 0x7f7f7a6fc0c0>)
Traceback (most recent call last):
  File "/usr/local/lib/python3.9/site-packages/discord/client.py", line 441, in _run_event
    await coro(*args, **kwargs)
  File "/app/bot/governance_monitor.py", line 372, in on_interaction
    await interaction.response.defer()
  File "/usr/local/lib/python3.9/site-packages/discord/interactions.py", line 661, in defer
    await adapter.create_interaction_response(
  File "/usr/local/lib/python3.9/site-packages/discord/webhook/async_.py", line 219, in request
    raise NotFound(response, data)
discord.errors.NotFound: 404 Not Found (error code: 10062): Unknown interaction
2024-09-22 22:49:24,278 [INFO] User interaction from tioneb#0
2024-09-22 22:49:29,648 [ERROR] An error occurred: (<class 'discord.errors.NotFound'>, NotFound('404 Not Found (error code: 10062): Unknown interaction'), <traceback object at 0x7f7f877e8400>)
Traceback (most recent call last):
  File "/usr/local/lib/python3.9/site-packages/discord/client.py", line 441, in _run_event
    await coro(*args, **kwargs)
  File "/app/bot/governance_monitor.py", line 372, in on_interaction
    await interaction.response.defer()
  File "/usr/local/lib/python3.9/site-packages/discord/interactions.py", line 661, in defer
    await adapter.create_interaction_response(
  File "/usr/local/lib/python3.9/site-packages/discord/webhook/async_.py", line 219, in request
    raise NotFound(response, data)
discord.errors.NotFound: 404 Not Found (error code: 10062): Unknown interaction
2024-09-22 22:49:34,560 [INFO] User interaction from tioneb#0
2024-09-22 22:49:37,227 [INFO] User interaction from tioneb#0
2024-09-22 23:34:21,308 [INFO] Shard ID None has successfully RESUMED session 9c20a83230c205f57ac1f391eb22ac40.
2024-09-22 23:37:21,130 [INFO] recheck_proposals task is running
2024-09-22 23:37:21,132 [INFO] Initializing SubstrateAPI
2024-09-22 23:37:41,105 [INFO] recheck_proposals complete
2024-09-22 23:49:40,838 [INFO] Shard ID None has successfully RESUMED session 9c20a83230c205f57ac1f391eb22ac40.
2024-09-23 00:37:21,138 [INFO] recheck_proposals task is running
2024-09-23 00:37:21,139 [INFO] Initializing SubstrateAPI
2024-09-23 00:37:27,655 [INFO] Synchronizing embeds
2024-09-23 00:37:27,656 [INFO] 4 threads to synchronize
2024-09-23 00:37:27,656 [INFO] Synchronizing 456: Showcasing Polkadot’s Capabilities: The Spammening Test Run
2024-09-23 00:37:32,423 [INFO] recheck_proposals complete
2024-09-23 00:37:43,921 [INFO] Successfully synchronized 456: Showcasing Polkadot’s Capabilities: The Spammening Test Run
2024-09-23 00:37:46,424 [INFO] Synchronizing 455: [Whitelisted Caller] Set AsyncBackingParams.max_candidate_depth to 6
2024-09-23 00:38:03,506 [INFO] Successfully synchronized 455: [Whitelisted Caller] Set AsyncBackingParams.max_candidate_depth to 6
2024-09-23 00:38:06,009 [INFO] Synchronizing 454: [Small Spender] Reimburse accounts affected by an XCM bug
2024-09-23 00:38:21,806 [INFO] Successfully synchronized 454: [Small Spender] Reimburse accounts affected by an XCM bug
2024-09-23 00:38:24,309 [INFO] Synchronizing 448: Decrease the amount of reserved KSM when register thread id with code/genesis. Warning ...
2024-09-23 00:38:40,469 [INFO] Successfully synchronized 448: Decrease the amount of reserved KSM when register thread id with code/genesis. Warning ...
2024-09-23 00:38:42,972 [INFO] synchronization complete
2024-09-23 01:26:28,912 [INFO] Shard ID None has successfully RESUMED session 9c20a83230c205f57ac1f391eb22ac40.
2024-09-23 01:36:23,701 [INFO] Stopping tasks
2024-09-23 01:36:23,702 [INFO] Task successfully stopped
2024-09-23 01:36:23,702 [INFO] Stopping tasks
2024-09-23 01:36:23,702 [INFO] Task successfully stopped
2024-09-23 01:36:23,702 [INFO] Checking for new proposals
2024-09-23 01:36:23,702 [INFO] Initializing SubstrateAPI
2024-09-23 01:36:29,082 [INFO] Checking active proposals from kusama against vote_counts.json to archive threads where the proposal is no longer active
2024-09-23 01:36:33,122 [INFO] No threads to lock
2024-09-23 01:36:33,122 [INFO] No new proposals have been found since last checking
2024-09-23 01:36:33,123 [INFO] Starting stopped tasks
2024-09-23 01:36:33,123 [INFO] Task successfully started
2024-09-23 01:36:33,123 [INFO] Starting stopped tasks
2024-09-23 01:36:33,123 [INFO] Task successfully started
2024-09-23 01:36:33,124 [INFO] recheck_proposals task is running
2024-09-23 01:36:33,125 [INFO] Initializing SubstrateAPI
2024-09-23 01:36:39,168 [INFO] Synchronizing embeds
2024-09-23 01:36:39,168 [INFO] 4 threads to synchronize
2024-09-23 01:36:39,168 [INFO] Synchronizing 456: Showcasing Polkadot’s Capabilities: The Spammening Test Run
2024-09-23 01:36:43,316 [INFO] recheck_proposals complete
2024-09-23 01:36:56,215 [INFO] Successfully synchronized 456: Showcasing Polkadot’s Capabilities: The Spammening Test Run
2024-09-23 01:36:58,716 [INFO] Synchronizing 455: [Whitelisted Caller] Set AsyncBackingParams.max_candidate_depth to 6
2024-09-23 01:37:15,687 [INFO] Successfully synchronized 455: [Whitelisted Caller] Set AsyncBackingParams.max_candidate_depth to 6
2024-09-23 01:37:18,190 [INFO] Synchronizing 454: [Small Spender] Reimburse accounts affected by an XCM bug
2024-09-23 01:37:34,863 [INFO] Successfully synchronized 454: [Small Spender] Reimburse accounts affected by an XCM bug
2024-09-23 01:37:37,366 [INFO] Synchronizing 448: Decrease the amount of reserved KSM when register thread id with code/genesis. Warning ...
2024-09-23 01:37:54,523 [INFO] Successfully synchronized 448: Decrease the amount of reserved KSM when register thread id with code/genesis. Warning ...
2024-09-23 01:37:57,025 [INFO] synchronization complete
2024-09-23 02:36:33,155 [INFO] recheck_proposals task is running
2024-09-23 02:36:33,156 [INFO] Initializing SubstrateAPI
2024-09-23 02:36:38,688 [INFO] recheck_proposals complete
2024-09-23 03:04:29,089 [INFO] Shard ID None has successfully RESUMED session 9c20a83230c205f57ac1f391eb22ac40.
2024-09-23 03:36:33,151 [INFO] recheck_proposals task is running
2024-09-23 03:36:33,152 [INFO] Initializing SubstrateAPI
2024-09-23 03:36:38,713 [INFO] Synchronizing embeds
2024-09-23 03:36:38,713 [INFO] 4 threads to synchronize
2024-09-23 03:36:38,716 [INFO] Synchronizing 456: Showcasing Polkadot’s Capabilities: The Spammening Test Run
2024-09-23 03:36:44,278 [INFO] recheck_proposals complete
2024-09-23 03:36:55,707 [INFO] Successfully synchronized 456: Showcasing Polkadot’s Capabilities: The Spammening Test Run
2024-09-23 03:36:58,211 [INFO] Synchronizing 455: [Whitelisted Caller] Set AsyncBackingParams.max_candidate_depth to 6
2024-09-23 03:37:14,988 [INFO] Successfully synchronized 455: [Whitelisted Caller] Set AsyncBackingParams.max_candidate_depth to 6
2024-09-23 03:37:17,491 [INFO] Synchronizing 454: [Small Spender] Reimburse accounts affected by an XCM bug
2024-09-23 03:37:34,368 [INFO] Successfully synchronized 454: [Small Spender] Reimburse accounts affected by an XCM bug
2024-09-23 03:37:36,871 [INFO] Synchronizing 448: Decrease the amount of reserved KSM when register thread id with code/genesis. Warning ...
2024-09-23 03:37:55,074 [INFO] Successfully synchronized 448: Decrease the amount of reserved KSM when register thread id with code/genesis. Warning ...
2024-09-23 03:37:57,577 [INFO] synchronization complete
2024-09-23 04:36:23,709 [INFO] Stopping tasks
2024-09-23 04:36:23,709 [INFO] Task successfully stopped
2024-09-23 04:36:23,709 [INFO] Stopping tasks
2024-09-23 04:36:23,709 [INFO] Task successfully stopped
2024-09-23 04:36:23,710 [INFO] Checking for new proposals
2024-09-23 04:36:23,710 [INFO] Initializing SubstrateAPI
2024-09-23 04:36:27,945 [INFO] Checking active proposals from kusama against vote_counts.json to archive threads where the proposal is no longer active
2024-09-23 04:36:33,797 [INFO] No threads to lock
2024-09-23 04:36:33,797 [INFO] No new proposals have been found since last checking
2024-09-23 04:36:33,798 [INFO] Starting stopped tasks
2024-09-23 04:36:33,798 [INFO] Task successfully started
2024-09-23 04:36:33,798 [INFO] Starting stopped tasks
2024-09-23 04:36:33,798 [INFO] Task successfully started
2024-09-23 04:36:33,800 [INFO] recheck_proposals task is running
2024-09-23 04:36:33,801 [INFO] Initializing SubstrateAPI
2024-09-23 04:36:39,521 [INFO] Synchronizing embeds
2024-09-23 04:36:39,521 [INFO] 4 threads to synchronize
2024-09-23 04:36:39,522 [INFO] Synchronizing 456: Showcasing Polkadot’s Capabilities: The Spammening Test Run
2024-09-23 04:36:44,533 [INFO] recheck_proposals complete
2024-09-23 04:36:56,585 [INFO] Successfully synchronized 456: Showcasing Polkadot’s Capabilities: The Spammening Test Run
2024-09-23 04:36:59,088 [INFO] Synchronizing 455: [Whitelisted Caller] Set AsyncBackingParams.max_candidate_depth to 6
2024-09-23 04:37:15,930 [INFO] Successfully synchronized 455: [Whitelisted Caller] Set AsyncBackingParams.max_candidate_depth to 6
2024-09-23 04:37:18,433 [INFO] Synchronizing 454: [Small Spender] Reimburse accounts affected by an XCM bug
2024-09-23 04:37:35,739 [INFO] Successfully synchronized 454: [Small Spender] Reimburse accounts affected by an XCM bug
2024-09-23 04:37:38,242 [INFO] Synchronizing 448: Decrease the amount of reserved KSM when register thread id with code/genesis. Warning ...
2024-09-23 04:37:55,155 [INFO] Successfully synchronized 448: Decrease the amount of reserved KSM when register thread id with code/genesis. Warning ...
2024-09-23 04:37:57,658 [INFO] synchronization complete
2024-09-23 05:36:33,806 [INFO] recheck_proposals task is running
2024-09-23 05:36:33,807 [INFO] Initializing SubstrateAPI
2024-09-23 05:36:39,376 [INFO] recheck_proposals complete
2024-09-23 06:36:33,818 [INFO] recheck_proposals task is running
2024-09-23 06:36:33,819 [INFO] Initializing SubstrateAPI
2024-09-23 06:36:40,627 [INFO] Synchronizing embeds
2024-09-23 06:36:40,627 [INFO] 4 threads to synchronize
2024-09-23 06:36:40,628 [INFO] Synchronizing 456: Showcasing Polkadot’s Capabilities: The Spammening Test Run
2024-09-23 06:36:47,042 [INFO] recheck_proposals complete
2024-09-23 06:36:58,433 [INFO] Successfully synchronized 456: Showcasing Polkadot’s Capabilities: The Spammening Test Run
2024-09-23 06:37:00,937 [INFO] Synchronizing 455: [Whitelisted Caller] Set AsyncBackingParams.max_candidate_depth to 6
2024-09-23 06:37:18,354 [INFO] Successfully synchronized 455: [Whitelisted Caller] Set AsyncBackingParams.max_candidate_depth to 6
2024-09-23 06:37:20,857 [INFO] Synchronizing 454: [Small Spender] Reimburse accounts affected by an XCM bug
2024-09-23 06:37:38,258 [INFO] Successfully synchronized 454: [Small Spender] Reimburse accounts affected by an XCM bug
2024-09-23 06:37:40,760 [INFO] Synchronizing 448: Decrease the amount of reserved KSM when register thread id with code/genesis. Warning ...
2024-09-23 06:37:58,359 [INFO] Successfully synchronized 448: Decrease the amount of reserved KSM when register thread id with code/genesis. Warning ...
2024-09-23 06:38:00,862 [INFO] synchronization complete
2024-09-23 06:58:34,818 [INFO] Shard ID None has successfully RESUMED session 9c20a83230c205f57ac1f391eb22ac40.
2024-09-23 07:32:53,154 [ERROR] An error occurred: (<class 'discord.errors.NotFound'>, NotFound('404 Not Found (error code: 10062): Unknown interaction'), <traceback object at 0x7f7f7c64b180>)
Traceback (most recent call last):
  File "/usr/local/lib/python3.9/site-packages/discord/client.py", line 441, in _run_event
    await coro(*args, **kwargs)
  File "/app/bot/governance_monitor.py", line 372, in on_interaction
    await interaction.response.defer()
  File "/usr/local/lib/python3.9/site-packages/discord/interactions.py", line 661, in defer
    await adapter.create_interaction_response(
  File "/usr/local/lib/python3.9/site-packages/discord/webhook/async_.py", line 219, in request
    raise NotFound(response, data)
discord.errors.NotFound: 404 Not Found (error code: 10062): Unknown interaction
2024-09-23 07:32:59,614 [ERROR] An error occurred: (<class 'discord.errors.NotFound'>, NotFound('404 Not Found (error code: 10062): Unknown interaction'), <traceback object at 0x7f7f745cfa00>)
Traceback (most recent call last):
  File "/usr/local/lib/python3.9/site-packages/discord/client.py", line 441, in _run_event
    await coro(*args, **kwargs)
  File "/app/bot/governance_monitor.py", line 372, in on_interaction
    await interaction.response.defer()
  File "/usr/local/lib/python3.9/site-packages/discord/interactions.py", line 661, in defer
    await adapter.create_interaction_response(
  File "/usr/local/lib/python3.9/site-packages/discord/webhook/async_.py", line 219, in request
    raise NotFound(response, data)
discord.errors.NotFound: 404 Not Found (error code: 10062): Unknown interaction
2024-09-23 07:36:23,684 [INFO] Stopping tasks
2024-09-23 07:36:23,684 [INFO] Task successfully stopped
2024-09-23 07:36:23,684 [INFO] Stopping tasks
2024-09-23 07:36:23,685 [INFO] Task successfully stopped
2024-09-23 07:36:23,685 [INFO] Checking for new proposals
2024-09-23 07:36:23,685 [INFO] Initializing SubstrateAPI
2024-09-23 07:36:30,046 [INFO] Checking active proposals from kusama against vote_counts.json to archive threads where the proposal is no longer active
2024-09-23 07:36:34,389 [INFO] No threads to lock
2024-09-23 07:36:34,389 [INFO] No new proposals have been found since last checking
2024-09-23 07:36:34,390 [INFO] Starting stopped tasks
2024-09-23 07:36:34,390 [INFO] Task successfully started
2024-09-23 07:36:34,390 [INFO] Starting stopped tasks
2024-09-23 07:36:34,390 [INFO] Task successfully started
2024-09-23 07:36:34,390 [INFO] recheck_proposals task is running
2024-09-23 07:36:34,391 [INFO] Initializing SubstrateAPI
2024-09-23 07:36:41,181 [INFO] Synchronizing embeds
2024-09-23 07:36:41,182 [INFO] 4 threads to synchronize
2024-09-23 07:36:41,182 [INFO] Synchronizing 456: Showcasing Polkadot’s Capabilities: The Spammening Test Run
2024-09-23 07:36:47,354 [INFO] recheck_proposals complete
2024-09-23 07:36:58,572 [INFO] Successfully synchronized 456: Showcasing Polkadot’s Capabilities: The Spammening Test Run
2024-09-23 07:37:01,075 [INFO] Synchronizing 455: [Whitelisted Caller] Set AsyncBackingParams.max_candidate_depth to 6
2024-09-23 07:37:19,351 [INFO] Successfully synchronized 455: [Whitelisted Caller] Set AsyncBackingParams.max_candidate_depth to 6
2024-09-23 07:37:21,854 [INFO] Synchronizing 454: [Small Spender] Reimburse accounts affected by an XCM bug
2024-09-23 07:37:40,340 [INFO] Successfully synchronized 454: [Small Spender] Reimburse accounts affected by an XCM bug
2024-09-23 07:37:42,844 [INFO] Synchronizing 448: Decrease the amount of reserved KSM when register thread id with code/genesis. Warning ...
2024-09-23 07:37:59,313 [INFO] Successfully synchronized 448: Decrease the amount of reserved KSM when register thread id with code/genesis. Warning ...
2024-09-23 07:38:01,816 [INFO] synchronization complete
2024-09-23 08:36:34,413 [INFO] recheck_proposals task is running
2024-09-23 08:36:34,418 [INFO] Initializing SubstrateAPI
2024-09-23 08:36:40,016 [INFO] recheck_proposals complete
2024-09-23 09:36:34,425 [INFO] recheck_proposals task is running
2024-09-23 09:36:34,426 [INFO] Initializing SubstrateAPI
2024-09-23 09:36:39,192 [INFO] Synchronizing embeds
2024-09-23 09:36:39,193 [INFO] 4 threads to synchronize
2024-09-23 09:36:39,193 [INFO] Synchronizing 456: Showcasing Polkadot’s Capabilities: The Spammening Test Run
2024-09-23 09:36:47,393 [INFO] recheck_proposals complete
2024-09-23 09:36:57,890 [INFO] Successfully synchronized 456: Showcasing Polkadot’s Capabilities: The Spammening Test Run
2024-09-23 09:37:00,393 [INFO] Synchronizing 455: [Whitelisted Caller] Set AsyncBackingParams.max_candidate_depth to 6
2024-09-23 09:37:16,749 [INFO] Successfully synchronized 455: [Whitelisted Caller] Set AsyncBackingParams.max_candidate_depth to 6
2024-09-23 09:37:19,252 [INFO] Synchronizing 454: [Small Spender] Reimburse accounts affected by an XCM bug
2024-09-23 09:37:29,100 [INFO] Shard ID None has successfully RESUMED session 9c20a83230c205f57ac1f391eb22ac40.
2024-09-23 09:37:36,137 [INFO] Successfully synchronized 454: [Small Spender] Reimburse accounts affected by an XCM bug
2024-09-23 09:37:38,640 [INFO] Synchronizing 448: Decrease the amount of reserved KSM when register thread id with code/genesis. Warning ...
2024-09-23 09:37:56,448 [INFO] Successfully synchronized 448: Decrease the amount of reserved KSM when register thread id with code/genesis. Warning ...
2024-09-23 09:37:58,951 [INFO] synchronization complete
