2024-09-22 21:25:55,777 [INFO] Initializing SubstrateAPI
2024-09-22 21:25:55,783 [INFO] Initializing SubstrateAPI
2024-09-22 21:25:55,791 [INFO] ../data/archived_votes.json missing... creating file
2024-09-22 21:25:55,792 [INFO] ../data/governance.cache missing... creating file
2024-09-22 21:25:55,792 [INFO] ../data/onchain-votes.json missing... creating file
2024-09-22 21:25:55,792 [INFO] ../data/vote_counts.json missing... creating file
2024-09-22 21:25:55,792 [INFO] logging in using static token
2024-09-22 21:25:56,777 [INFO] Shard ID None has connected to Gateway (Session ID: 40d8c6822746bfbd8403fe3b479d9f68).
2024-09-22 21:25:58,820 [INFO] Starting stopped tasks
2024-09-22 21:25:58,820 [INFO] Task successfully started
2024-09-22 21:25:58,821 [INFO] Checking for new proposals
2024-09-22 21:25:58,821 [INFO] Initializing SubstrateAPI
2024-09-22 21:26:05,549 [INFO] Checking active proposals from kusama against vote_counts.json to archive threads where the proposal is no longer active
2024-09-22 21:26:10,436 [INFO] No threads to lock
2024-09-22 21:26:10,436 [INFO] 4 new proposal(s) found
2024-09-22 21:26:18,027 [INFO] Getting on-chain data from: https://api.polkassembly.io/api/v1/posts/on-chain-post?postId=448&proposalType=referendums_v2
2024-09-22 21:26:18,027 [INFO] Creating thread on Discord: #448 Decrease the amount of reserved KSM when register thread id with code/genesis. Warning to all K
2024-09-22 21:26:18,287 [INFO] Thread created: 1287525407318609980
2024-09-22 21:26:22,049 [INFO] Vote results message added instruction message added for 448
2024-09-22 21:27:01,413 [INFO] Initializing SubstrateAPI
2024-09-22 21:27:07,610 [INFO] Getting on-chain data from: https://api.polkassembly.io/api/v1/posts/on-chain-post?postId=454&proposalType=referendums_v2
2024-09-22 21:27:07,610 [INFO] Creating thread on Discord: #454 [Small Spender] Reimburse accounts affected by an XCM bug
2024-09-22 21:27:07,876 [INFO] Thread created: 1287525615267872938
2024-09-22 21:27:11,885 [INFO] Vote results message added instruction message added for 454
2024-09-22 21:27:31,896 [INFO] Initializing SubstrateAPI
2024-09-22 21:27:41,536 [INFO] Getting on-chain data from: https://api.polkassembly.io/api/v1/posts/on-chain-post?postId=455&proposalType=referendums_v2
2024-09-22 21:27:41,536 [INFO] Creating thread on Discord: #455 [Whitelisted Caller] Set AsyncBackingParams.max_candidate_depth to 6
2024-09-22 21:27:41,867 [INFO] Thread created: 1287525757018439725
2024-09-22 21:27:45,501 [INFO] Vote results message added instruction message added for 455
2024-09-22 21:28:07,815 [INFO] Initializing SubstrateAPI
2024-09-22 21:28:20,120 [INFO] Getting on-chain data from: https://api.polkassembly.io/api/v1/posts/on-chain-post?postId=456&proposalType=referendums_v2
2024-09-22 21:28:20,120 [INFO] Creating thread on Discord: #456 Showcasing Polkadot’s Capabilities: The Spammening Test Run
2024-09-22 21:28:20,375 [INFO] Thread created: 1287525919220568085
2024-09-22 21:28:24,430 [INFO] Vote results message added instruction message added for 456
2024-09-22 21:28:57,266 [INFO] Initializing SubstrateAPI
2024-09-22 21:29:04,832 [INFO] Starting stopped tasks
2024-09-22 21:29:04,832 [INFO] Task successfully started
2024-09-22 21:29:04,832 [INFO] Starting stopped tasks
2024-09-22 21:29:04,832 [INFO] Task successfully started
2024-09-22 21:29:04,833 [INFO] Starting stopped tasks
2024-09-22 21:29:04,833 [INFO] Task successfully started
2024-09-22 21:29:04,833 [INFO] Stopping tasks
2024-09-22 21:29:04,834 [INFO] recheck_proposals task is running
2024-09-22 21:29:04,834 [INFO] Task successfully stopped
2024-09-22 21:29:04,834 [INFO] Stopping tasks
2024-09-22 21:29:04,835 [INFO] Task successfully stopped
2024-09-22 21:29:04,838 [INFO] autonomous_voting task is running
2024-09-22 21:29:13,658 [INFO] Checking Discord vote results for: 448
2024-09-22 21:29:13,659 [INFO] Result: Vote period has ended.
2024-09-22 21:29:24,043 [INFO] Checking Discord vote results for: 454
2024-09-22 21:29:24,043 [INFO] Result: Waiting for 1st vote conditions to be met. is 378797 > 432000?
2024-09-22 21:29:36,979 [INFO] Checking Discord vote results for: 455
2024-09-22 21:29:36,979 [WARNING] Participation too low, defaulting to Abstain
2024-09-22 21:29:36,979 [INFO] Result: abstain
2024-09-22 21:29:47,791 [INFO] Checking Discord vote results for: 456
2024-09-22 21:29:47,791 [INFO] Result: Waiting for 1st vote conditions to be met. is 268463 > 432000?
2024-09-22 21:29:50,295 [INFO] Starting stopped tasks
2024-09-22 21:29:50,295 [INFO] Task successfully started
2024-09-22 21:29:50,295 [INFO] Starting stopped tasks
2024-09-22 21:29:50,295 [INFO] Task successfully started
2024-09-22 21:29:50,295 [INFO] recheck_proposals task is running
2024-09-22 21:29:50,296 [INFO] Initializing SubstrateAPI
2024-09-22 21:29:56,600 [INFO] Synchronizing embeds
2024-09-22 21:29:56,600 [INFO] 4 threads to synchronize
2024-09-22 21:29:56,600 [INFO] Synchronizing 456: Showcasing Polkadot’s Capabilities: The Spammening Test Run
2024-09-22 21:30:01,643 [INFO] recheck_proposals complete
2024-09-22 21:30:14,190 [INFO] Successfully synchronized 456: Showcasing Polkadot’s Capabilities: The Spammening Test Run
2024-09-22 21:30:16,693 [INFO] Synchronizing 455: [Whitelisted Caller] Set AsyncBackingParams.max_candidate_depth to 6
2024-09-22 21:30:38,379 [INFO] Successfully synchronized 455: [Whitelisted Caller] Set AsyncBackingParams.max_candidate_depth to 6
2024-09-22 21:30:40,882 [INFO] Synchronizing 454: [Small Spender] Reimburse accounts affected by an XCM bug
2024-09-22 21:31:00,383 [INFO] Successfully synchronized 454: [Small Spender] Reimburse accounts affected by an XCM bug
2024-09-22 21:31:02,886 [INFO] Synchronizing 448: Decrease the amount of reserved KSM when register thread id with code/genesis. Warning ...
2024-09-22 21:31:20,724 [INFO] Successfully synchronized 448: Decrease the amount of reserved KSM when register thread id with code/genesis. Warning ...
2024-09-22 21:31:23,226 [INFO] synchronization complete
